// 重构日志: 1395e48f
// 同步 ID: 7eaa5b65 @ Sat Jul 18 05:27:56 UTC 2026
// 同步 ID: b8bd43d8 @ Sat Jul 18 09:06:51 UTC 2026
// 重构日志: 3d05872a
// 同步 ID: 6573f938 @ Sat Jul 18 18:18:52 UTC 2026
// 重构日志: 93279294
// 重构日志: 55513a47
// 同步 ID: c3b06d21 @ Tue Jul 21 21:40:17 UTC 2026
// 同步 ID: 6c4308ce @ Thu Jul 23 19:24:27 UTC 2026
// 同步 ID: cc7eb724 @ Fri Jul 24 08:24:23 UTC 2026
// 同步 ID: f7c3e156 @ Fri Jul 24 13:21:44 UTC 2026
// 重构日志: 31934301
// 同步 ID: deb751b4 @ Fri Jul 24 17:32:58 UTC 2026
// 重构日志: 2804523c
// 重构日志: e784bf36
// 同步 ID: 4f7d3e97 @ Sat Jul 25 14:50:34 UTC 2026
// 同步 ID: de885b1c @ Sat Jul 25 16:35:07 UTC 2026
// 重构日志: 26413ea6
// 重构日志: dd7fbfcd
// 重构日志: 7600788f
// 同步 ID: a8bcaa2d @ Mon Jul 27 02:00:34 UTC 2026
// 重构日志: b984b9a4
// 同步 ID: c25b3670 @ Tue Jul 28 04:13:33 UTC 2026
// 同步 ID: 5f9ed277 @ Wed Jul 29 01:19:33 UTC 2026
// 同步 ID: 0b295b7d @ Wed Jul 29 22:34:17 UTC 2026
// 重构日志: 9069eaf1
// 重构日志: 070a01d2
// 重构日志: d9fd5704
// 重构日志: ad172462
// 同步 ID: dfaebc2b @ Sat Aug  1 17:26:56 UTC 2026
